[colosseum.com/breakout.html]
[colosseum.com/favicon.png]
[colosseum.com/_app/immutable/assets/0.9b3ce464.css]
[colosseum.com/_app/immutable/assets/Modal.b83201c6.css]
[colosseum.com/_app/immutable/assets/2.6a7550ae.css]
[backblue.gif]
[fade.gif]
[index.html]
[colosseum.com/_app/immutable/assets/10.e54beb10.css]
[static.narrative-violation.com/breakout-social@2x.png]
[colosseum.com/images/breakout/hero-explosive.png]
[colosseum.com/images/breakout/hero-character-1.png]
[colosseum.com/images/breakout/hero-character-2.png]
[colosseum.com/images/breakout/hero-character-3.jpg]
[colosseum.com/images/breakout/accelerator-1.png]
[colosseum.com/images/breakout/accelerator-2.png]
[colosseum.com/images/breakout/accelerator-3.png]
[colosseum.com/images/breakout/trophy-bw-background-light.png]
[colosseum.com/images/breakout/sponsors/pumpfun-logo.png]
[colosseum.com/images/breakout/trophy-bw-background-dark.png]
[colosseum.com/images/breakout/sponsors/solana-foundation-logo.svg]
[colosseum.com/images/breakout/sponsors/solana-mobile-logo.svg]
[colosseum.com/images/breakout/dropout.png]
[colosseum.com/images/breakout/sponsors/render-logo.svg]
[colosseum.com/images/breakout/tracks/depin.png]
[colosseum.com/images/breakout/people/alejandra-martinez.jpg]
[colosseum.com/images/breakout/people/alon.jpg]
[colosseum.com/images/breakout/people/amanda-young.jpg]
[colosseum.com/breakout/resources.html]
[colosseum.com/images/breakout/people/andrea-fortugno.jpg]
[colosseum.com/images/breakout/people/anatoly.png]
[colosseum.com/images/breakout/people/anna.png]
[colosseum.com/images/breakout/people/arnold-lee.png]
[colosseum.com/images/breakout/people/brandon-schroedle.jpeg]
[colosseum.com/images/breakout/people/clay-robbins.jpg]
[colosseum.com/images/breakout/people/craig-burel.jpg]
[colosseum.com/images/breakout/people/dan.jpg]
[colosseum.com/images/breakout/people/daniel-leavitt.jpg]
[colosseum.com/images/breakout/people/dean-machine.png]
[colosseum.com/images/breakout/people/dom-kwok.jpg]
[colosseum.com/images/breakout/people/gabriele-picco.png]
[colosseum.com/images/breakout/people/hardhat-chad.jpg]
[colosseum.com/images/breakout/people/jeff-burke.png]
[colosseum.com/images/breakout/people/jakob-povsic.jpg]
[colosseum.com/images/breakout/people/joe-takayama.jpg]
[colosseum.com/images/breakout/people/kash-dhanda.jpg]
[colosseum.com/images/breakout/people/kyle-samani.jpg]
[colosseum.com/images/breakout/people/lily-liu.jpg]
[colosseum.com/images/breakout/people/matty.jpg]
[colosseum.com/images/breakout/people/max-monciardini.png]
[colosseum.com/images/breakout/people/michael-rinko.jpg]
[colosseum.com/images/breakout/people/mike-hale.jpg]
[colosseum.com/images/breakout/people/nate-levine.jpg]
[colosseum.com/images/breakout/people/paul-veradittakit.jpg]
[colosseum.com/images/breakout/people/phil-hedayatnia.jpg]
[colosseum.com/images/breakout/people/phil-kwok.jpg]
[colosseum.com/images/breakout/people/raj.png]
[colosseum.com/images/breakout/people/riku.jpg]
[colosseum.com/images/breakout/people/rodolfo-gonzalez.jpg]
[colosseum.com/images/breakout/people/ross-cohen.jpg]
[colosseum.com/images/breakout/people/ryan-shea.jpg]
[colosseum.com/images/breakout/people/shayon-sengupta.jpg]
[colosseum.com/images/breakout/people/shek.jpg]
[colosseum.com/images/breakout/people/smac.jpg]
[colosseum.com/images/breakout/people/solana-legend.jpg]
[colosseum.com/images/breakout/people/stepan-simkin.jpg]
[colosseum.com/images/breakout/people/tony-plasencia.jpg]
[colosseum.com/images/breakout/people/urban-osvald.jpg]
[colosseum.com/images/breakout/people/wesley-tang-wymer.jpeg]
[colosseum.com/images/breakout/people/bri-migliaccio.jpg]
[colosseum.com/images/breakout/people/jeff-paul.png]
[colosseum.com/images/breakout/people/jonas-hahn.jpg]
[colosseum.com/images/breakout/people/colosseum-team.png]
[colosseum.com/images/breakout/people/nate-solomon.jpg]
[colosseum.com/images/breakout/people/micaiah-reid.jpg]
[colosseum.com/images/breakout/sponsors/perena-logo.svg]
[colosseum.com/images/breakout/sponsors/wormhole-logo.svg]
[colosseum.com/images/breakout/sponsors/replit-logo.svg]
[colosseum.com/images/breakout/sponsors/metaplex-logo.svg]
[colosseum.com/images/breakout/sponsors/walrus-logo.svg]
[colosseum.com/images/breakout/sponsors/magicblock-logo.svg]
[colosseum.com/images/breakout/sponsors/tokamai-logo.svg]
[colosseum.com/images/breakout/sponsors/txtx-logo.svg]
[colosseum.com/images/breakout/sponsors/boost-logo.svg]
[colosseum.com/images/breakout/sponsors/privy-logo.svg]
[colosseum.com/images/breakout/sponsors/helius-logo.svg]
[colosseum.com/images/breakout/sponsors/triton-logo.png]
[colosseum.com/images/breakout/sponsors/quicknode-logo.svg]
[colosseum.com/files/Breakout Hackathon Official Rules 2025.pdf]
[colosseum.com/accelerator.html]
[colosseum.com/hackathon.html]
[colosseum.com/_app/immutable/entry/start.483066d8.js]
[colosseum.com/breakout.html]
[colosseum.com/_app/immutable/entry/app.dc07abc5.js]
[colosseum.com/fonts/tasa-orbiter-display/TASAOrbiterDisplay-Regular.otf]
[colosseum.com/fonts/tasa-orbiter-display/TASAOrbiterDisplay-Medium.otf]
[colosseum.com/fonts/tasa-orbiter-display/TASAOrbiterDisplay-SemiBold.otf]
[colosseum.com/fonts/tasa-orbiter-display/TASAOrbiterDisplay-Bold.otf]
[colosseum.com/fonts/tasa-orbiter-display/TASAOrbiterDisplay-Black.otf]
[colosseum.com/fonts/tasa-orbiter-deck/TASAOrbiterDeck-Regular.otf]
[colosseum.com/fonts/tasa-orbiter-deck/TASAOrbiterDeck-Medium.otf]
[colosseum.com/fonts/tasa-orbiter-deck/TASAOrbiterDeck-SemiBold.otf]
[colosseum.com/fonts/tasa-orbiter-deck/TASAOrbiterDeck-Bold.otf]
[colosseum.com/fonts/tasa-orbiter-text/TASAOrbiterText-Regular.otf]
[colosseum.com/fonts/tasa-orbiter-text/TASAOrbiterText-Medium.otf]
[colosseum.com/fonts/tasa-orbiter-text/TASAOrbiterText-SemiBold.otf]
[colosseum.com/fonts/tasa-orbiter-text/TASAOrbiterText-Bold.otf]
[colosseum.com/fonts/nb-architekt/nb-architekt-light.otf]
[colosseum.com/fonts/nb-architekt/nb-architekt-regular.otf]
[colosseum.com/fonts/victor-serif/VictorSerif-45RegularItalic.woff2]
[colosseum.com/fonts/victor-serif/VictorSerif-55MediumItalic.woff2]
[colosseum.com/fonts/inter-display/InterDisplay-Regular.woff2]
[colosseum.com/fonts/inter-display/InterDisplay-Italic.woff2]
[colosseum.com/fonts/inter-display/InterDisplay-Medium.woff2]
[colosseum.com/fonts/inter-display/InterDisplay-MediumItalic.woff2]
[colosseum.com/fonts/inter-display/InterDisplay-SemiBold.woff2]
[colosseum.com/fonts/inter-display/InterDisplay-SemiBoldItalic.woff2]
[colosseum.com/fonts/inter-display/InterDisplay-Bold.woff2]
[colosseum.com/fonts/inter-display/InterDisplay-BoldItalic.woff2]
[colosseum.com/fonts/inter-display/InterDisplay-ExtraBold.woff2]
[colosseum.com/fonts/inter-display/InterDisplay-ExtraBoldItalic.woff2]
[colosseum.com/fonts/inter-display/InterDisplay-Black.woff2]
[colosseum.com/fonts/inter-display/InterDisplay-BlackItalic.woff2]
[colosseum.com/fonts/kallisto/Kallisto-Thin.woff2]
[colosseum.com/fonts/kallisto/Kallisto-Thin.woff]
[colosseum.com/fonts/kallisto/Kallisto-Medium.woff2]
[colosseum.com/fonts/kallisto/Kallisto-Medium.woff]
[colosseum.com/fonts/kallisto/Kallisto-BoldItalic.woff2]
[colosseum.com/fonts/kallisto/Kallisto-BoldItalic.woff]
[colosseum.com/fonts/kallisto/Kallisto-LightItalic.woff2]
[colosseum.com/fonts/kallisto/Kallisto-LightItalic.woff]
[colosseum.com/fonts/kallisto/Kallisto-Heavy.woff2]
[colosseum.com/fonts/kallisto/Kallisto-Heavy.woff]
[colosseum.com/fonts/kallisto/Kallisto-ThinItalic.woff2]
[colosseum.com/fonts/kallisto/Kallisto-ThinItalic.woff]
[colosseum.com/fonts/kallisto/Kallisto-Bold.woff2]
[colosseum.com/fonts/kallisto/Kallisto-Bold.woff]
[colosseum.com/fonts/kallisto/Kallisto-MediumItalic.woff2]
[colosseum.com/fonts/kallisto/Kallisto-MediumItalic.woff]
[colosseum.com/fonts/kallisto/Kallisto-Light.woff2]
[colosseum.com/fonts/kallisto/Kallisto-Light.woff]
[colosseum.com/fonts/kallisto/Kallisto-HeavyItalic.woff2]
[colosseum.com/fonts/kallisto/Kallisto-HeavyItalic.woff]
[colosseum.com/fonts/abc-favorit-extended/ABCFavoritExtended-Light-Trial.woff2]
[colosseum.com/fonts/abc-favorit-extended/ABCFavoritExtended-LightItalic-Trial.woff2]
[colosseum.com/fonts/abc-favorit-extended/ABCFavoritExtended-Regular-Trial.woff2]
[colosseum.com/fonts/abc-favorit-extended/ABCFavoritExtended-RegularItalic-Trial.woff2]
[colosseum.com/fonts/abc-favorit-extended/ABCFavoritExtended-Book-Trial.woff2]
[colosseum.com/fonts/abc-favorit-extended/ABCFavoritExtended-BookItalic-Trial.woff2]
[colosseum.com/fonts/abc-favorit-extended/ABCFavoritExtended-Medium-Trial.woff2]
[colosseum.com/fonts/abc-favorit-extended/ABCFavoritExtended-MediumItalic-Trial.woff2]
[colosseum.com/fonts/abc-favorit-extended/ABCFavoritExtended-Bold-Trial.woff2]
[colosseum.com/fonts/abc-favorit-extended/ABCFavoritExtended-BoldItalic-Trial.woff2]
[colosseum.com/fonts/abc-favorit-extended/ABCFavoritExtended-Extrabold-Trial.woff2]
[colosseum.com/fonts/abc-favorit-extended/ABCFavoritExtended-ExtraboldItalic-Trial.woff2]
[colosseum.com/fonts/abc-favorit-extended/ABCFavoritExtended-Black-Trial.woff2]
[colosseum.com/fonts/abc-favorit-extended/ABCFavoritExtended-BlackItalic-Trial.woff2]
[colosseum.com/fonts/abc-favorit-extended/ABCFavoritExtended-Ultra-Trial.woff2]
[colosseum.com/fonts/abc-favorit-extended/ABCFavoritExtended-UltraItalic-Trial.woff2]
[colosseum.com/fonts/abc-favorit-expanded-variable/ABCFavoritExpandedVariable-Trial.woff2]
[colosseum.com/fonts/pitch/test-pitch-light.woff2]
[colosseum.com/fonts/pitch/test-pitch-light-italic.woff2]
[colosseum.com/fonts/pitch/test-pitch-regular.woff2]
[colosseum.com/fonts/pitch/test-pitch-regular-italic.woff2]
[colosseum.com/fonts/pitch/test-pitch-medium.woff2]
[colosseum.com/fonts/pitch/test-pitch-medium-italic.woff2]
[colosseum.com/fonts/pitch/test-pitch-semibold.woff2]
[colosseum.com/fonts/pitch/test-pitch-semibold-italic.woff2]
[colosseum.com/fonts/pitch/test-pitch-bold.woff2]
[colosseum.com/fonts/pitch/test-pitch-bold-italic.woff2]
[colosseum.com/fonts/anime-ace-3bb/AnimeAce3BB-Regular.woff]
[colosseum.com/fonts/anime-ace-3bb/AnimeAce3BB-Regular.ttf]
[colosseum.com/fonts/anime-ace-3bb/AnimeAce3BB-Bold.woff]
[colosseum.com/fonts/anime-ace-3bb/AnimeAce3BB-Italic.woff]
[colosseum.com/fonts/anime-ace-3bb/AnimeAce3BB-Bold.ttf]
[colosseum.com/fonts/anime-ace-3bb/AnimeAce3BB-Italic.ttf]
[colosseum.com/fonts/anime-ace-3bb/AnimeAce3BB-BoldItalic.woff]
[colosseum.com/fonts/anime-ace-3bb/AnimeAce3BB-BoldItalic.ttf]
[colosseum.com/images/elements/grid-1.svg]
[colosseum.com/images/elements/grid-2.png]
[colosseum.com/images/illustrations/illustration-12.png]
[colosseum.com/images/illustrations/illustration-3.png]
[colosseum.com/images/illustrations/illustration-6-m.png]
[colosseum.com/images/elements/radar-grid-lines.svg]
[colosseum.com/borders/slasher.svg]
[colosseum.com/images/elements/glitch-1.svg]
[colosseum.com/images/illustrations/illustration-10.png]
[colosseum.com/images/illustrations/illustration-11.png]
[colosseum.com/images/icons/right-angle.svg]
[colosseum.com/images/elements/glitch-2.svg]
[colosseum.com/images/elements/globe.svg]
[colosseum.com/images/icons/minus.svg]
[colosseum.com/images/icons/plus.svg]
[colosseum.com/borders/slasher-blue.svg]
[colosseum.com/images/illustrations/illustration-6.png]
[colosseum.com/images/illustrations/illustration-7.png]
[colosseum.com/images/elements/plus-detail-1.svg]
[colosseum.com/images/elements/plus-detail-2.svg]
[colosseum.com/_app/immutable/assets/0.9b3ce464.css]
[colosseum.com/_app/immutable/assets/Modal.b83201c6.css]
[colosseum.com/_app/immutable/assets/2.6a7550ae.css]
[colosseum.com/_app/immutable/assets/10.e54beb10.css]
[colosseum.com/images/icons/trophy.svg]
[colosseum.com/breakout/resources.html]
[colosseum.com/images/breakout/sponsors/solana-foundation-logo.svg]
[colosseum.com/images/breakout/sponsors/solana-mobile-logo.svg]
[colosseum.com/images/breakout/sponsors/render-logo.svg]
[colosseum.com/images/breakout/sponsors/perena-logo.svg]
[colosseum.com/images/breakout/sponsors/wormhole-logo.svg]
[colosseum.com/images/breakout/sponsors/replit-logo.svg]
[colosseum.com/images/breakout/sponsors/metaplex-logo.svg]
[colosseum.com/images/breakout/sponsors/walrus-logo.svg]
[colosseum.com/images/breakout/sponsors/magicblock-logo.svg]
[colosseum.com/images/breakout/sponsors/tokamai-logo.svg]
[colosseum.com/images/breakout/sponsors/txtx-logo.svg]
[colosseum.com/images/breakout/sponsors/boost-logo.svg]
[colosseum.com/images/breakout/sponsors/privy-logo.svg]
[colosseum.com/images/breakout/sponsors/helius-logo.svg]
[colosseum.com/images/breakout/sponsors/quicknode-logo.svg]
[colosseum.com/_app/immutable/assets/11.fa10379d.css]
[static.narrative-violation.com/colosseum_og_card.png]
[colosseum.com/images/logos/colosseum-logo-white.svg]
[colosseum.com/get-started.html]
[colosseum.com/index.html]
[colosseum.com/eternal.html]
[colosseum.com/about.html]
[colosseum.com/stamp.html]
[colosseum.com/images/illustrations/illustration-8.png]
[colosseum.com/images/illustrations/accelerator-benefits-new.png]
[colosseum.com/images/icons/youtube-icon.png]
[colosseum.com/cypherpunk/resources.html]
[colosseum.com/code-of-ethics.html]
[colosseum.com/press-and-brand.html]
[colosseum.com/legal/Colosseum - Terms of Service.pdf]
[colosseum.com/legal/Colosseum - Privacy Policy.pdf]
[colosseum.com/accelerator.html]
[colosseum.com/images/eternal/clock-illustration.png]
[colosseum.com/images/ecosystems/logo_stepn.png]
[colosseum.com/images/ecosystems/logo_tensor.png]
[colosseum.com/images/ecosystems/logo_ore.png]
[colosseum.com/images/ecosystems/logo_dialect.png]
[colosseum.com/images/ecosystems/logo_genopets.png]
[colosseum.com/images/ecosystems/logo_jitolabs.png]
[colosseum.com/images/ecosystems/logo_marinade.png]
[colosseum.com/images/ecosystems/logo_kamino.png]
[colosseum.com/images/ecosystems/logo_tiplink.png]
[colosseum.com/images/ecosystems/logo_drift.png]
[colosseum.com/images/ecosystems/logo_portals.png]
[colosseum.com/images/ecosystems/logo_squads.png]
[colosseum.com/images/ecosystems/logo_solanafm.png]
[colosseum.com/images/ecosystems/logo_switchboard.png]
[colosseum.com/images/ecosystems/logo_sphere.png]
[colosseum.com/images/ecosystems/logo_solend.png]
[colosseum.com/images/ecosystems/logo_crossmint.png]
[colosseum.com/images/ecosystems/logo_lightprotocol.png]
[colosseum.com/images/ecosystems/logo_zeta.png]
[colosseum.com/images/ecosystems/logo_ionet.png]
[colosseum.com/hackathon.html]
[colosseum.com/fonts/kallisto/Kallisto-Thin.html]
[colosseum.com/fonts/kallisto/Kallisto-Medium.html]
[colosseum.com/fonts/kallisto/Kallisto-BoldItalic.html]
[colosseum.com/fonts/kallisto/Kallisto-LightItalic.html]
[colosseum.com/fonts/kallisto/Kallisto-Heavy.html]
[colosseum.com/fonts/kallisto/Kallisto-ThinItalic.html]
[colosseum.com/fonts/kallisto/Kallisto-Bold.html]
[colosseum.com/fonts/kallisto/Kallisto-MediumItalic.html]
[colosseum.com/fonts/kallisto/Kallisto-Light.html]
[colosseum.com/fonts/kallisto/Kallisto-HeavyItalic.html]
[colosseum.com/images/elements/grid-1.svg]
[colosseum.com/images/elements/radar-grid-lines.svg]
[colosseum.com/borders/slasher.svg]
[colosseum.com/images/elements/glitch-1.svg]
[colosseum.com/images/icons/right-angle.svg]
[colosseum.com/images/elements/glitch-2.svg]
[colosseum.com/images/elements/globe.svg]
[colosseum.com/images/icons/minus.svg]
[colosseum.com/images/icons/plus.svg]
[colosseum.com/borders/slasher-blue.svg]
[colosseum.com/images/elements/plus-detail-1.svg]
[colosseum.com/images/elements/plus-detail-2.svg]
[colosseum.com/images/icons/trophy.svg]
[colosseum.com/_app/immutable/assets/11.fa10379d.css]
[colosseum.com/_app/immutable/assets/6.25fecdb4.css]
[platform.twitter.com/widgets.js]
[colosseum.com/images/illustrations/illustration-1.png]
[colosseum.com/images/illustrations/illustration-2.png]
[colosseum.com/images/illustrations/illustration-4.png]
[colosseum.com/index.html]
[colosseum.com/images/logos/colosseum-logo-white.svg]
[static.narrative-violation.com/eternal-social-card.png]
[colosseum.com/images/eternal/eternal-award-banner-mobile.png]
[colosseum.com/_app/immutable/assets/matty-taylor.10253b25.png]
[colosseum.com/_app/immutable/assets/clay-robbins.7cdbfe07.jpg]
[colosseum.com/_app/immutable/assets/mert-mumtaz.544819ea.jpg]
[colosseum.com/_app/immutable/assets/arnold-lee.2dad9636.jpg]
[colosseum.com/_app/immutable/assets/buffalu-pfp.20430491.jpeg]
[colosseum.com/_app/immutable/assets/richard-wu.24a1c3b7.jpg]
[colosseum.com/_app/immutable/assets/stepan-simkin.b0def823.jpg]
[colosseum.com/_app/immutable/assets/y2kappa.d3d85648.jpg]
[colosseum.com/_app/immutable/assets/cindy-leow.4b21ac1c.jpg]
[colosseum.com/_app/immutable/assets/brandon-millman.6b72c190.jpg]
[colosseum.com/images/eternal/accelerator-illustration.png]
[colosseum.com/images/eternal/hourglass-illustration.png]
[colosseum.com/images/eternal/hourglass-illustration-glitch.png]
[colosseum.com/images/eternal/hourglass-illustration-mobile.png]
[colosseum.com/eternal.html]
[colosseum.com/images/platform-features/builder-profile.png]
[colosseum.com/images/platform-features/cofounder-search.png]
[colosseum.com/images/platform-features/forum-posts.png]
[colosseum.com/images/platform-features/eternal.png]
[colosseum.com/images/platform-features/hackathon-feature.png]
[colosseum.com/images/platform-features/accelerator-features.png]
[colosseum.com/images/illustrations/illustration-5.png]
[colosseum.com/get-started.html]
[colosseum.com/images/team/matty-skull-highres.png]
[colosseum.com/images/team/clay-punkline.jpg]
[colosseum.com/images/team/nate-tensorian.png]
[colosseum.com/images/team/max-gladiator.jpg]
[colosseum.com/images/team/rinko-pfp.jpg]
[colosseum.com/images/team/mert-pfp.jpg]
[colosseum.com/images/team/cindy-pfp.jpg]
[colosseum.com/images/team/raj-pfp.jpg]
[colosseum.com/images/team/anatoly-pfp.jpeg]
[colosseum.com/images/team/buffalu-pfp.jpeg]
[colosseum.com/images/team/armani-pfp.jpeg]
[colosseum.com/images/team/tristan-pfp.jpg]
[colosseum.com/images/team/rwu-pfp.jpeg]
[colosseum.com/images/team/arnold-pfp.jpg]
[colosseum.com/images/team/chase-pfp.jpg]
[colosseum.com/images/team/vibhu-pfp.jpg]
[colosseum.com/images/team/kash-pfp.jpg]
[colosseum.com/images/team/ian-pfp.jpg]
[colosseum.com/images/team/bchillman-pfp.jpeg]
[colosseum.com/images/team/akshay-pfp.jpg]
[colosseum.com/images/team/stepan-pfp.jpg]
[colosseum.com/images/team/ross-pfp.jpg]
[colosseum.com/images/team/phil-pfp.jpg]
[colosseum.com/images/team/marius-pfp.jpeg]
[colosseum.com/about.html]
[static.narrative-violation.com/stamp-social.png]
[colosseum.com/stamp.html]
[colosseum.com/_app/immutable/assets/3.b7306052.css]
[static.narrative-violation.com/cypherpunk-social.png]
[colosseum.com/images/cypherpunk/nav-illustration.png]
[colosseum.com/images/cypherpunk/logo.png]
[colosseum.com/images/cypherpunk/rules-illustration.png]
[colosseum.com/cypherpunk.html]
[colosseum.com/images/cypherpunk/footer-illustration.png]
[colosseum.com/cypherpunk/resources.html]
[colosseum.com/code-of-ethics.html]
[specials-images.forbesimg.com/imageserve/6544fb1b27e3b92006e0f113/Solana-SOL-cryptocurrency-physical-coin--abstract-background-/0x0c705.jpg]
[www.tbstat.com/wp/uploads/2022/08/20220804_Solana-3-1200x675cf2d.jpg]
[colosseum.com/images/blog/cryptonews-cover.jpg]
[www.tbstat.com/wp/uploads/2024/02/20230629_TheScoop_MichaelSaylor_16x9-2-1200x675.jpg]
[images.cointelegraph.com/cdn-cgi/image/format=auto,onerror=redirect,quality=90,width=717/https_/s3.cointelegraph.com/uploads/2024-01/91121f49-b67f-4f99-977b-c39fcbec2921.jpg]
[ik.imagekit.io/blockster/ebc52b2f-d5d3-457e-8edc-93652943a7a61072.jpg]
[colosseum.com/images/blog/crypto-briefing-image.webp]
[colosseum.com/files/Colosseum_Logos_Branding.zip]
[colosseum.com/press-and-brand.html]
[colosseum.com/_app/immutable/assets/6.25fecdb4.css]
[colosseum.com/images/cypherpunk/background-texture.png]
[colosseum.com/_app/immutable/assets/3.b7306052.css]
[colosseum.com/_app/immutable/assets/14.aa93ae4d.css]
[colosseum.com/images/cypherpunk/main-hero-graphic.png]
[colosseum.com/images/cypherpunk/main-hero-graphic-mobile.png]
[colosseum.com/images/cypherpunk/computer-graphic.png]
[colosseum.com/images/cypherpunk/tape-element.png]
[colosseum.com/images/cypherpunk/accelerator-illustration-1.png]
[colosseum.com/images/cypherpunk/accelerator-illustration-2.png]
[colosseum.com/images/cypherpunk/accelerator-illustration-3.png]
[colosseum.com/images/cypherpunk/irl-accelerator-illustration.png]
[colosseum.com/images/cypherpunk/grand-champion-background.png]
[colosseum.com/images/cypherpunk/trophy-illustration.png]
[colosseum.com/images/cypherpunk/sponsors/phantom.png]
[colosseum.com/images/cypherpunk/sponsors/solana-foundation.svg]
[colosseum.com/images/cypherpunk/sponsors/solana-mobile.svg]
[colosseum.com/images/cypherpunk/bang-illustration.png]
[colosseum.com/images/cypherpunk/track-button-background.png]
[colosseum.com/images/cypherpunk/sponsors/arcium.png]
[colosseum.com/images/cypherpunk/tracks/defi.png]
[colosseum.com/images/cypherpunk/people/aditya-shetty.png]
[colosseum.com/images/cypherpunk/people/alejandra-martinez.jpg]
[colosseum.com/images/cypherpunk/people/anatoly.png]
[colosseum.com/images/cypherpunk/people/anh-tran.jpg]
[colosseum.com/images/cypherpunk/people/anna.png]
[colosseum.com/images/cypherpunk/people/brian-long.png]
[colosseum.com/images/cypherpunk/people/brandon-schroedle.jpeg]
[colosseum.com/images/cypherpunk/people/clay-robbins.jpg]
[colosseum.com/images/cypherpunk/people/craig-burel.jpg]
[colosseum.com/images/cypherpunk/people/dan.jpg]
[colosseum.com/images/cypherpunk/people/dean-machine.png]
[colosseum.com/images/cypherpunk/people/0xinfra.png]
[colosseum.com/images/cypherpunk/people/jacob.png]
[colosseum.com/images/cypherpunk/people/jed.png]
[colosseum.com/images/cypherpunk/people/kyle-samani.jpg]
[colosseum.com/images/cypherpunk/people/leo.png]
[colosseum.com/images/cypherpunk/people/lily-liu.jpg]
[colosseum.com/images/cypherpunk/people/lucas-kohorst.png]
[colosseum.com/images/cypherpunk/people/matty.jpg]
[colosseum.com/images/cypherpunk/people/max-monciardini.png]
[colosseum.com/images/cypherpunk/people/michael-rinko.jpg]
[colosseum.com/images/cypherpunk/people/mike-hale.jpg]
[colosseum.com/images/cypherpunk/people/mst.png]
[colosseum.com/images/cypherpunk/people/nate-levine.jpg]
[colosseum.com/images/cypherpunk/people/neil-shroff.png]
[colosseum.com/images/cypherpunk/people/phil-kwok.jpg]
[colosseum.com/images/cypherpunk/people/ray-zhang.png]
[colosseum.com/images/cypherpunk/people/shayon-sengupta.jpg]
[colosseum.com/images/cypherpunk/people/shek.jpg]
[colosseum.com/images/cypherpunk/people/smac.jpg]
[colosseum.com/images/cypherpunk/people/stendhal.png]
[colosseum.com/images/cypherpunk/people/tony-plasencia.jpg]
[colosseum.com/images/cypherpunk/people/w.png]
[colosseum.com/images/cypherpunk/people/wesley-tang-wymer.jpeg]
[colosseum.com/images/cypherpunk/people/yannik-schrade.png]
[colosseum.com/images/cypherpunk/people/colosseum-team.png]
[colosseum.com/images/cypherpunk/people/jacob-creech.png]
[colosseum.com/images/cypherpunk/people/mike-sulistio.png]
[colosseum.com/images/cypherpunk/people/nico.png]
[colosseum.com/images/cypherpunk/people/bri-migliaccio.jpg]
[colosseum.com/images/cypherpunk/people/chaerin-kim.png]
[colosseum.com/images/cypherpunk/people/solana-foundation.png]
[colosseum.com/images/cypherpunk/sponsors/blueshift.svg]
[colosseum.com/images/cypherpunk/sponsors/surfpool.svg]
[colosseum.com/images/cypherpunk/sponsors/superteam.svg]
[colosseum.com/images/cypherpunk/sponsors/turbin3.svg]
[colosseum.com/files/Solana Cypherpunk Hackathon Official Rules.pdf]
[colosseum.com/cypherpunk.html]
[colosseum.com/_app/immutable/assets/14.aa93ae4d.css]
[colosseum.com/images/cypherpunk/sponsors/solana-foundation.svg]
[colosseum.com/images/cypherpunk/sponsors/solana-mobile.svg]
[colosseum.com/images/cypherpunk/sponsors/blueshift.svg]
[colosseum.com/images/cypherpunk/sponsors/surfpool.svg]
[colosseum.com/images/cypherpunk/sponsors/superteam.svg]
[colosseum.com/images/cypherpunk/sponsors/turbin3.svg]
